<testsuites name="results">
  <testsuite name="all" package="all">
    <property name="random_seed" value="1692526217" />
  </testsuite>
</testsuites>
